[user.xxyz.be/index.html]
[backblue.gif]
[fade.gif]
[index.html]
[user.xxyz.be/index.html]
[user.xxyz.be/login.html]
[user.xxyz.be/assets/css/app.min.css]
[user.xxyz.be/assets/css/style.css]
[user.xxyz.be/assets/css/components.css]
[cdnjs.cloudflare.com/ajax/libs/font-awesome/6.4.0/css/all.min.css]
[cdnjs.cloudflare.com/ajax/libs/animate.css/4.1.1/animate.min.css]
[user.xxyz.be/signup.html]
[code.jquery.com/jquery-3.6.0.min.js]
[user.xxyz.be/login.html]
[user.xxyz.be/index-2.html]
[user.xxyz.be/assets/fonts/webfonts/fa-brands-400d41dd41d.eot]
[user.xxyz.be/assets/fonts/webfonts/fa-brands-400.woff2]
[user.xxyz.be/assets/fonts/webfonts/fa-brands-400.woff]
[user.xxyz.be/assets/fonts/webfonts/fa-brands-400.ttf]
[user.xxyz.be/assets/fonts/webfonts/fa-regular-400.eot]
[user.xxyz.be/assets/fonts/webfonts/fa-regular-400d41dd41d.eot]
[user.xxyz.be/assets/fonts/webfonts/fa-brands-400.svg]
[user.xxyz.be/assets/fonts/webfonts/fa-regular-400.woff2]
[user.xxyz.be/assets/fonts/webfonts/fa-regular-400.woff]
[user.xxyz.be/assets/fonts/webfonts/fa-regular-400.ttf]
[user.xxyz.be/assets/fonts/webfonts/fa-regular-400.svg]
[user.xxyz.be/assets/fonts/webfonts/fa-solid-900.eot]
[user.xxyz.be/assets/fonts/webfonts/fa-solid-900d41dd41d.eot]
[user.xxyz.be/assets/fonts/webfonts/fa-solid-900.woff2]
[user.xxyz.be/assets/fonts/webfonts/fa-solid-900.woff]
[user.xxyz.be/assets/fonts/webfonts/fa-solid-900.ttf]
[user.xxyz.be/assets/fonts/webfonts/fa-solid-900.svg]
[user.xxyz.be/assets/bundles/material-icons/MaterialIcons-Regular.woff2]
[user.xxyz.be/assets/bundles/material-icons/MaterialIcons-Regular.woff]
[user.xxyz.be/assets/bundles/material-icons/MaterialIcons-Regular.ttf]
[user.xxyz.be/assets/css/app.min.css]
[user.xxyz.be/assets/css/style.css]
[user.xxyz.be/assets/img/browsers/chrome.png]
[user.xxyz.be/assets/img/browsers/firefox.png]
[user.xxyz.be/assets/img/browsers/internet-explorer.png]
[user.xxyz.be/assets/img/browsers/opera.png]
[user.xxyz.be/assets/img/browsers/safari.png]
[user.xxyz.be/assets/img/typing.svg]
[user.xxyz.be/assets/css/components.css]
[cdnjs.cloudflare.com/ajax/libs/font-awesome/6.4.0/css/all.min.css]
[cdnjs.cloudflare.com/ajax/libs/animate.css/4.1.1/animate.min.css]
[user.xxyz.be/signup.html]
[user.xxyz.be/index-2.html]
[user.xxyz.be/assets/fonts/fonts/webfonts/fa-brands-400.html]
[user.xxyz.be/assets/fonts/webfonts/fa-brands-400.svg]
[user.xxyz.be/assets/fonts/webfonts/fa-regular-400.svg]
[user.xxyz.be/assets/fonts/webfonts/fa-solid-900.svg]
[user.xxyz.be/assets/css/MaterialIcons-Regular.html]
[user.xxyz.be/assets/img/typing.svg]
[user.xxyz.be/assets/img/spinner.svg]
[user.xxyz.be/assets/css/custom.css]
[user.xxyz.be/assets/js/app.min.js]
